// Jest Snapshot v1, https://goo.gl/fbAQLP

exports[`ApplicationPageTabVolumes renders correctly 1`] = `
<div>
  <h3>
    ApplicationPageTabVolumes
  </h3>
  <ul
    className="MuiList-root makeStyles-root-1 MuiList-dense MuiList-padding"
  >
    <li
      className="MuiListItem-container"
    >
      <div
        aria-disabled={false}
        className="MuiButtonBase-root MuiListItem-root MuiListItem-dense MuiListItem-gutters MuiListItem-button MuiListItem-secondaryAction"
        onBlur={[Function]}
        onDragLeave={[Function]}
        onFocus={[Function]}
        onKeyDown={[Function]}
        onKeyUp={[Function]}
        onMouseDown={[Function]}
        onMouseLeave={[Function]}
        onMouseUp={[Function]}
        onTouchEnd={[Function]}
        onTouchMove={[Function]}
        onTouchStart={[Function]}
        role="button"
        tabIndex={0}
      >
        <div
          className="MuiListItemText-root MuiListItemText-dense"
          id="checkbox-list-secondary-label-chiko"
        >
          <span
            className="MuiTypography-root MuiListItemText-primary MuiTypography-body2 MuiTypography-displayBlock"
          >
            Volume: chiko
          </span>
        </div>
      </div>
      <div
        className="MuiListItemSecondaryAction-root"
      >
        <span
          aria-disabled={false}
          className="MuiButtonBase-root MuiIconButton-root PrivateSwitchBase-root-2 MuiCheckbox-root MuiCheckbox-colorSecondary PrivateSwitchBase-checked-3 Mui-checked MuiIconButton-colorSecondary MuiIconButton-edgeEnd"
          onBlur={[Function]}
          onDragLeave={[Function]}
          onFocus={[Function]}
          onKeyDown={[Function]}
          onKeyUp={[Function]}
          onMouseDown={[Function]}
          onMouseLeave={[Function]}
          onMouseUp={[Function]}
          onTouchEnd={[Function]}
          onTouchMove={[Function]}
          onTouchStart={[Function]}
          tabIndex={null}
        >
          <span
            className="MuiIconButton-label"
          >
            <input
              aria-labelledby="checkbox-list-secondary-label-chiko"
              checked={true}
              className="PrivateSwitchBase-input-5"
              data-indeterminate={false}
              onChange={[Function]}
              type="checkbox"
            />
            <svg
              aria-hidden={true}
              className="MuiSvgIcon-root"
              focusable="false"
              viewBox="0 0 24 24"
            >
              <path
                d="M19 3H5c-1.11 0-2 .9-2 2v14c0 1.1.89 2 2 2h14c1.11 0 2-.9 2-2V5c0-1.1-.89-2-2-2zm-9 14l-5-5 1.41-1.41L10 14.17l7.59-7.59L19 8l-9 9z"
              />
            </svg>
          </span>
        </span>
      </div>
    </li>
    <li
      className="MuiListItem-container"
    >
      <div
        aria-disabled={false}
        className="MuiButtonBase-root MuiListItem-root MuiListItem-dense MuiListItem-gutters MuiListItem-button MuiListItem-secondaryAction"
        onBlur={[Function]}
        onDragLeave={[Function]}
        onFocus={[Function]}
        onKeyDown={[Function]}
        onKeyUp={[Function]}
        onMouseDown={[Function]}
        onMouseLeave={[Function]}
        onMouseUp={[Function]}
        onTouchEnd={[Function]}
        onTouchMove={[Function]}
        onTouchStart={[Function]}
        role="button"
        tabIndex={0}
      >
        <div
          className="MuiListItemText-root MuiListItemText-dense"
          id="checkbox-list-secondary-label-piko"
        >
          <span
            className="MuiTypography-root MuiListItemText-primary MuiTypography-body2 MuiTypography-displayBlock"
          >
            Volume: piko
          </span>
        </div>
      </div>
      <div
        className="MuiListItemSecondaryAction-root"
      >
        <span
          aria-disabled={false}
          className="MuiButtonBase-root MuiIconButton-root PrivateSwitchBase-root-2 MuiCheckbox-root MuiCheckbox-colorSecondary PrivateSwitchBase-checked-3 Mui-checked MuiIconButton-colorSecondary MuiIconButton-edgeEnd"
          onBlur={[Function]}
          onDragLeave={[Function]}
          onFocus={[Function]}
          onKeyDown={[Function]}
          onKeyUp={[Function]}
          onMouseDown={[Function]}
          onMouseLeave={[Function]}
          onMouseUp={[Function]}
          onTouchEnd={[Function]}
          onTouchMove={[Function]}
          onTouchStart={[Function]}
          tabIndex={null}
        >
          <span
            className="MuiIconButton-label"
          >
            <input
              aria-labelledby="checkbox-list-secondary-label-piko"
              checked={true}
              className="PrivateSwitchBase-input-5"
              data-indeterminate={false}
              onChange={[Function]}
              type="checkbox"
            />
            <svg
              aria-hidden={true}
              className="MuiSvgIcon-root"
              focusable="false"
              viewBox="0 0 24 24"
            >
              <path
                d="M19 3H5c-1.11 0-2 .9-2 2v14c0 1.1.89 2 2 2h14c1.11 0 2-.9 2-2V5c0-1.1-.89-2-2-2zm-9 14l-5-5 1.41-1.41L10 14.17l7.59-7.59L19 8l-9 9z"
              />
            </svg>
          </span>
        </span>
      </div>
    </li>
    <li
      className="MuiListItem-container"
    >
      <div
        aria-disabled={false}
        className="MuiButtonBase-root MuiListItem-root MuiListItem-dense MuiListItem-gutters MuiListItem-button MuiListItem-secondaryAction"
        onBlur={[Function]}
        onDragLeave={[Function]}
        onFocus={[Function]}
        onKeyDown={[Function]}
        onKeyUp={[Function]}
        onMouseDown={[Function]}
        onMouseLeave={[Function]}
        onMouseUp={[Function]}
        onTouchEnd={[Function]}
        onTouchMove={[Function]}
        onTouchStart={[Function]}
        role="button"
        tabIndex={0}
      >
        <div
          className="MuiListItemText-root MuiListItemText-dense"
          id="checkbox-list-secondary-label-koko"
        >
          <span
            className="MuiTypography-root MuiListItemText-primary MuiTypography-body2 MuiTypography-displayBlock"
          >
            Volume: koko
          </span>
        </div>
      </div>
      <div
        className="MuiListItemSecondaryAction-root"
      >
        <span
          aria-disabled={false}
          className="MuiButtonBase-root MuiIconButton-root PrivateSwitchBase-root-2 MuiCheckbox-root MuiCheckbox-colorSecondary PrivateSwitchBase-checked-3 Mui-checked MuiIconButton-colorSecondary MuiIconButton-edgeEnd"
          onBlur={[Function]}
          onDragLeave={[Function]}
          onFocus={[Function]}
          onKeyDown={[Function]}
          onKeyUp={[Function]}
          onMouseDown={[Function]}
          onMouseLeave={[Function]}
          onMouseUp={[Function]}
          onTouchEnd={[Function]}
          onTouchMove={[Function]}
          onTouchStart={[Function]}
          tabIndex={null}
        >
          <span
            className="MuiIconButton-label"
          >
            <input
              aria-labelledby="checkbox-list-secondary-label-koko"
              checked={true}
              className="PrivateSwitchBase-input-5"
              data-indeterminate={false}
              onChange={[Function]}
              type="checkbox"
            />
            <svg
              aria-hidden={true}
              className="MuiSvgIcon-root"
              focusable="false"
              viewBox="0 0 24 24"
            >
              <path
                d="M19 3H5c-1.11 0-2 .9-2 2v14c0 1.1.89 2 2 2h14c1.11 0 2-.9 2-2V5c0-1.1-.89-2-2-2zm-9 14l-5-5 1.41-1.41L10 14.17l7.59-7.59L19 8l-9 9z"
              />
            </svg>
          </span>
        </span>
      </div>
    </li>
  </ul>
</div>
`;
