// Jest Snapshot v1, https://goo.gl/fbAQLP

exports[`SecondTable renders correctly 1`] = `
<div>
  <div
    className="MuiGrid-root MuiGrid-container MuiGrid-direction-xs-column MuiGrid-align-items-xs-center MuiGrid-justify-xs-center"
  >
    <div
      className="MuiPaper-root MuiTableContainer-root MuiPaper-elevation1 MuiPaper-rounded"
    >
      <table
        className="MuiTable-root"
        role={null}
      >
        <thead
          className="MuiTableHead-root"
          role={null}
        >
          <tr
            className="MuiTableRow-root MuiTableRow-head"
            role={null}
          >
            <th
              aria-sort={null}
              className="MuiTableCell-root MuiTableCell-head"
              scope="col"
            >
              Name
            </th>
            <th
              aria-sort={null}
              className="MuiTableCell-root MuiTableCell-head MuiTableCell-alignRight"
              scope="col"
            >
              Value
            </th>
            <th
              aria-sort={null}
              className="MuiTableCell-root MuiTableCell-head MuiTableCell-alignRight"
              scope="col"
            />
          </tr>
        </thead>
        <tbody
          className="MuiTableBody-root"
          role={null}
        >
          <tr
            className="MuiTableRow-root"
            role={null}
          >
            <td
              aria-sort={null}
              className="MuiTableCell-root MuiTableCell-body"
            >
              <div
                className="MuiFormControl-root MuiTextField-root"
              >
                <div
                  className="MuiInputBase-root MuiFilledInput-root MuiFilledInput-underline Mui-disabled Mui-disabled MuiInputBase-formControl"
                  onClick={[Function]}
                >
                  <input
                    aria-invalid={false}
                    autoFocus={false}
                    className="MuiInputBase-input MuiFilledInput-input Mui-disabled Mui-disabled"
                    disabled={true}
                    id="standard-required"
                    onAnimationStart={[Function]}
                    onBlur={[Function]}
                    onChange={[Function]}
                    onFocus={[Function]}
                    required={false}
                    type="text"
                    value="POSTGRES_HOST"
                  />
                </div>
              </div>
            </td>
            <td
              aria-sort={null}
              className="MuiTableCell-root MuiTableCell-body MuiTableCell-alignRight"
            >
              <div
                className="MuiFormControl-root MuiTextField-root"
              >
                <div
                  className="MuiInputBase-root MuiFilledInput-root MuiFilledInput-underline MuiInputBase-formControl"
                  onClick={[Function]}
                >
                  <input
                    aria-invalid={false}
                    autoFocus={false}
                    className="MuiInputBase-input MuiFilledInput-input"
                    disabled={false}
                    id="standard"
                    name="POSTGRES_HOST"
                    onAnimationStart={[Function]}
                    onBlur={[Function]}
                    onChange={[Function]}
                    onFocus={[Function]}
                    required={false}
                    type="text"
                    value="postgres"
                  />
                </div>
              </div>
            </td>
            <td
              aria-sort={null}
              className="MuiTableCell-root MuiTableCell-body"
            >
              <button
                aria-label="delete"
                className="MuiButtonBase-root MuiIconButton-root"
                disabled={false}
                onBlur={[Function]}
                onClick={[Function]}
                onDragLeave={[Function]}
                onFocus={[Function]}
                onKeyDown={[Function]}
                onKeyUp={[Function]}
                onMouseDown={[Function]}
                onMouseLeave={[Function]}
                onMouseUp={[Function]}
                onTouchEnd={[Function]}
                onTouchMove={[Function]}
                onTouchStart={[Function]}
                tabIndex={0}
                type="button"
              >
                <span
                  className="MuiIconButton-label"
                >
                  <svg
                    aria-hidden={true}
                    className="MuiSvgIcon-root MuiSvgIcon-fontSizeLarge"
                    focusable="false"
                    viewBox="0 0 24 24"
                  >
                    <path
                      d="M6 19c0 1.1.9 2 2 2h8c1.1 0 2-.9 2-2V7H6v12zM19 4h-3.5l-1-1h-5l-1 1H5v2h14V4z"
                    />
                  </svg>
                </span>
              </button>
            </td>
          </tr>
          <tr
            className="MuiTableRow-root"
            role={null}
          >
            <td
              aria-sort={null}
              className="MuiTableCell-root MuiTableCell-body"
            >
              <div
                className="MuiFormControl-root MuiTextField-root"
              >
                <div
                  className="MuiInputBase-root MuiFilledInput-root MuiFilledInput-underline Mui-disabled Mui-disabled MuiInputBase-formControl"
                  onClick={[Function]}
                >
                  <input
                    aria-invalid={false}
                    autoFocus={false}
                    className="MuiInputBase-input MuiFilledInput-input Mui-disabled Mui-disabled"
                    disabled={true}
                    id="standard-required"
                    onAnimationStart={[Function]}
                    onBlur={[Function]}
                    onChange={[Function]}
                    onFocus={[Function]}
                    required={false}
                    type="text"
                    value="POSTGRES_PORT"
                  />
                </div>
              </div>
            </td>
            <td
              aria-sort={null}
              className="MuiTableCell-root MuiTableCell-body MuiTableCell-alignRight"
            >
              <div
                className="MuiFormControl-root MuiTextField-root"
              >
                <div
                  className="MuiInputBase-root MuiFilledInput-root MuiFilledInput-underline MuiInputBase-formControl"
                  onClick={[Function]}
                >
                  <input
                    aria-invalid={false}
                    autoFocus={false}
                    className="MuiInputBase-input MuiFilledInput-input"
                    disabled={false}
                    id="standard"
                    name="POSTGRES_PORT"
                    onAnimationStart={[Function]}
                    onBlur={[Function]}
                    onChange={[Function]}
                    onFocus={[Function]}
                    required={false}
                    type="text"
                    value="5432"
                  />
                </div>
              </div>
            </td>
            <td
              aria-sort={null}
              className="MuiTableCell-root MuiTableCell-body"
            >
              <button
                aria-label="delete"
                className="MuiButtonBase-root MuiIconButton-root"
                disabled={false}
                onBlur={[Function]}
                onClick={[Function]}
                onDragLeave={[Function]}
                onFocus={[Function]}
                onKeyDown={[Function]}
                onKeyUp={[Function]}
                onMouseDown={[Function]}
                onMouseLeave={[Function]}
                onMouseUp={[Function]}
                onTouchEnd={[Function]}
                onTouchMove={[Function]}
                onTouchStart={[Function]}
                tabIndex={0}
                type="button"
              >
                <span
                  className="MuiIconButton-label"
                >
                  <svg
                    aria-hidden={true}
                    className="MuiSvgIcon-root MuiSvgIcon-fontSizeLarge"
                    focusable="false"
                    viewBox="0 0 24 24"
                  >
                    <path
                      d="M6 19c0 1.1.9 2 2 2h8c1.1 0 2-.9 2-2V7H6v12zM19 4h-3.5l-1-1h-5l-1 1H5v2h14V4z"
                    />
                  </svg>
                </span>
              </button>
            </td>
          </tr>
          <tr
            className="MuiTableRow-root"
            role={null}
          >
            <td
              aria-sort={null}
              className="MuiTableCell-root MuiTableCell-body"
            >
              <div
                className="MuiFormControl-root MuiTextField-root"
              >
                <label
                  className="MuiFormLabel-root MuiInputLabel-root MuiInputLabel-formControl MuiInputLabel-animated MuiInputLabel-filled"
                  data-shrink={false}
                  htmlFor="standard"
                  id="standard-label"
                >
                  name
                </label>
                <div
                  className="MuiInputBase-root MuiFilledInput-root MuiFilledInput-underline MuiInputBase-formControl"
                  onClick={[Function]}
                >
                  <input
                    aria-invalid={false}
                    autoFocus={false}
                    className="MuiInputBase-input MuiFilledInput-input"
                    disabled={false}
                    id="standard"
                    onAnimationStart={[Function]}
                    onBlur={[Function]}
                    onChange={[Function]}
                    onFocus={[Function]}
                    required={false}
                    type="text"
                    value=""
                  />
                </div>
              </div>
            </td>
            <td
              aria-sort={null}
              className="MuiTableCell-root MuiTableCell-body MuiTableCell-alignRight"
            >
              <div
                className="MuiFormControl-root MuiTextField-root"
              >
                <label
                  className="MuiFormLabel-root MuiInputLabel-root MuiInputLabel-formControl MuiInputLabel-animated MuiInputLabel-filled"
                  data-shrink={false}
                  htmlFor="standard"
                  id="standard-label"
                >
                  value
                </label>
                <div
                  className="MuiInputBase-root MuiFilledInput-root MuiFilledInput-underline MuiInputBase-formControl"
                  onClick={[Function]}
                >
                  <input
                    aria-invalid={false}
                    autoFocus={false}
                    className="MuiInputBase-input MuiFilledInput-input"
                    disabled={false}
                    id="standard"
                    onAnimationStart={[Function]}
                    onBlur={[Function]}
                    onChange={[Function]}
                    onFocus={[Function]}
                    required={false}
                    type="text"
                    value=""
                  />
                </div>
              </div>
            </td>
            <td
              aria-sort={null}
              className="MuiTableCell-root MuiTableCell-body"
            >
              <button
                aria-label="add"
                className="MuiButtonBase-root MuiIconButton-root"
                disabled={false}
                onBlur={[Function]}
                onClick={[Function]}
                onDragLeave={[Function]}
                onFocus={[Function]}
                onKeyDown={[Function]}
                onKeyUp={[Function]}
                onMouseDown={[Function]}
                onMouseLeave={[Function]}
                onMouseUp={[Function]}
                onTouchEnd={[Function]}
                onTouchMove={[Function]}
                onTouchStart={[Function]}
                tabIndex={0}
                type="button"
              >
                <span
                  className="MuiIconButton-label"
                >
                  <svg
                    aria-hidden={true}
                    className="MuiSvgIcon-root MuiSvgIcon-fontSizeLarge"
                    focusable="false"
                    style={
                      Object {
                        "color": "#3F51B5",
                      }
                    }
                    viewBox="0 0 24 24"
                  >
                    <path
                      d="M13 7h-2v4H7v2h4v4h2v-4h4v-2h-4V7zm-1-5C6.48 2 2 6.48 2 12s4.48 10 10 10 10-4.48 10-10S17.52 2 12 2zm0 18c-4.41 0-8-3.59-8-8s3.59-8 8-8 8 3.59 8 8-3.59 8-8 8z"
                    />
                  </svg>
                </span>
              </button>
            </td>
          </tr>
        </tbody>
      </table>
    </div>
    <div
      className="MuiGrid-root MuiGrid-container MuiGrid-align-items-xs-center MuiGrid-justify-xs-flex-end"
    >
      <button
        className="MuiButtonBase-root MuiButton-root MuiButton-contained makeStyles-saveBtn-1 MuiButton-containedPrimary MuiButton-containedSizeLarge MuiButton-sizeLarge"
        disabled={false}
        onBlur={[Function]}
        onClick={[Function]}
        onDragLeave={[Function]}
        onFocus={[Function]}
        onKeyDown={[Function]}
        onKeyUp={[Function]}
        onMouseDown={[Function]}
        onMouseLeave={[Function]}
        onMouseUp={[Function]}
        onTouchEnd={[Function]}
        onTouchMove={[Function]}
        onTouchStart={[Function]}
        tabIndex={0}
        type="button"
      >
        <span
          className="MuiButton-label"
        >
          Save
        </span>
      </button>
    </div>
  </div>
</div>
`;
